Archive member included to satisfy reference by file (symbol)

c:/st/stm32cubeide_1.7.0/stm32cubeide/plugins/com.st.stm32cube.ide.mcu.externaltools.gnu-tools-for-stm32.9-2020-q2-update.win32_2.0.0.202105311346/tools/bin/../lib/gcc/arm-none-eabi/9.3.1/../../../../arm-none-eabi/lib/thumb/v7-m/nofp\libc_nano.a(lib_a-errno.o)
                              ./Core/Src/syscalls.o (__errno)
c:/st/stm32cubeide_1.7.0/stm32cubeide/plugins/com.st.stm32cube.ide.mcu.externaltools.gnu-tools-for-stm32.9-2020-q2-update.win32_2.0.0.202105311346/tools/bin/../lib/gcc/arm-none-eabi/9.3.1/../../../../arm-none-eabi/lib/thumb/v7-m/nofp\libc_nano.a(lib_a-exit.o)
                              c:/st/stm32cubeide_1.7.0/stm32cubeide/plugins/com.st.stm32cube.ide.mcu.externaltools.gnu-tools-for-stm32.9-2020-q2-update.win32_2.0.0.202105311346/tools/bin/../lib/gcc/arm-none-eabi/9.3.1/../../../../arm-none-eabi/lib/thumb/v7-m/nofp/crt0.o (exit)
c:/st/stm32cubeide_1.7.0/stm32cubeide/plugins/com.st.stm32cube.ide.mcu.externaltools.gnu-tools-for-stm32.9-2020-q2-update.win32_2.0.0.202105311346/tools/bin/../lib/gcc/arm-none-eabi/9.3.1/../../../../arm-none-eabi/lib/thumb/v7-m/nofp\libc_nano.a(lib_a-impure.o)
                              c:/st/stm32cubeide_1.7.0/stm32cubeide/plugins/com.st.stm32cube.ide.mcu.externaltools.gnu-tools-for-stm32.9-2020-q2-update.win32_2.0.0.202105311346/tools/bin/../lib/gcc/arm-none-eabi/9.3.1/../../../../arm-none-eabi/lib/thumb/v7-m/nofp\libc_nano.a(lib_a-exit.o) (_global_impure_ptr)
c:/st/stm32cubeide_1.7.0/stm32cubeide/plugins/com.st.stm32cube.ide.mcu.externaltools.gnu-tools-for-stm32.9-2020-q2-update.win32_2.0.0.202105311346/tools/bin/../lib/gcc/arm-none-eabi/9.3.1/../../../../arm-none-eabi/lib/thumb/v7-m/nofp\libc_nano.a(lib_a-init.o)
                              c:/st/stm32cubeide_1.7.0/stm32cubeide/plugins/com.st.stm32cube.ide.mcu.externaltools.gnu-tools-for-stm32.9-2020-q2-update.win32_2.0.0.202105311346/tools/bin/../lib/gcc/arm-none-eabi/9.3.1/../../../../arm-none-eabi/lib/thumb/v7-m/nofp/crt0.o (__libc_init_array)
c:/st/stm32cubeide_1.7.0/stm32cubeide/plugins/com.st.stm32cube.ide.mcu.externaltools.gnu-tools-for-stm32.9-2020-q2-update.win32_2.0.0.202105311346/tools/bin/../lib/gcc/arm-none-eabi/9.3.1/../../../../arm-none-eabi/lib/thumb/v7-m/nofp\libc_nano.a(lib_a-memset.o)
                              c:/st/stm32cubeide_1.7.0/stm32cubeide/plugins/com.st.stm32cube.ide.mcu.externaltools.gnu-tools-for-stm32.9-2020-q2-update.win32_2.0.0.202105311346/tools/bin/../lib/gcc/arm-none-eabi/9.3.1/../../../../arm-none-eabi/lib/thumb/v7-m/nofp/crt0.o (memset)

Allocating common symbols
Common symbol       size              file

SCH_Tasks_G         0x320             ./Core/Src/scheduler.o
RETURN_ERROR        0x1               ./Core/Src/fsm_manual.o
ERROR_SCH_WAITING_FOR_SLAVE_TO_ACK
                    0x1               ./Core/Src/fsm_manual.o
ERROR_SCH_CANNOT_DELETE_TASK
                    0x1               ./Core/Src/fsm_manual.o
uwTick              0x4               ./Drivers/STM32F1xx_HAL_Driver/Src/stm32f1xx_hal.o
RETURN_NORMAL       0x1               ./Core/Src/fsm_manual.o
temp                0x4               ./Core/Src/fsm_manual.o
pFlash              0x20              ./Drivers/STM32F1xx_HAL_Driver/Src/stm32f1xx_hal_flash.o
ERROR_SCH_TOO_MANY_TASKS
                    0x1               ./Core/Src/fsm_manual.o
ERROR_SCH_WAITING_FOR_START_COMMAND_FROM_MASTER
                    0x1               ./Core/Src/fsm_manual.o
buffer2             0x14              ./Core/Src/global.o
ERROR_SCH_ONE_OR_MORE_SLAVES_DID_NOT_START
                    0x1               ./Core/Src/fsm_manual.o
ERROR_SCH_CAN_BUS_ERROR
                    0x1               ./Core/Src/fsm_manual.o
ERROR_I2C_WRITE_BYTE_AT24C64
                    0x1               ./Core/Src/fsm_manual.o
htim2               0x48              ./Core/Src/main.o
buffer1             0x14              ./Core/Src/global.o
ERROR_SCH_LOST_SLAVE
                    0x1               ./Core/Src/fsm_manual.o

Discarded input sections

 .text          0x0000000000000000        0x0 c:/st/stm32cubeide_1.7.0/stm32cubeide/plugins/com.st.stm32cube.ide.mcu.externaltools.gnu-tools-for-stm32.9-2020-q2-update.win32_2.0.0.202105311346/tools/bin/../lib/gcc/arm-none-eabi/9.3.1/thumb/v7-m/nofp/crti.o
 .data          0x0000000000000000        0x0 c:/st/stm32cubeide_1.7.0/stm32cubeide/plugins/com.st.stm32cube.ide.mcu.externaltools.gnu-tools-for-stm32.9-2020-q2-update.win32_2.0.0.202105311346/tools/bin/../lib/gcc/arm-none-eabi/9.3.1/thumb/v7-m/nofp/crti.o
 .bss           0x0000000000000000        0x0 c:/st/stm32cubeide_1.7.0/stm32cubeide/plugins/com.st.stm32cube.ide.mcu.externaltools.gnu-tools-for-stm32.9-2020-q2-update.win32_2.0.0.202105311346/tools/bin/../lib/gcc/arm-none-eabi/9.3.1/thumb/v7-m/nofp/crti.o
[...]
Memory Configuration

Name             Origin             Length             Attributes
RAM              0x0000000020000000 0x0000000000002800 xrw
FLASH            0x0000000008000000 0x0000000000008000 xr
*default*        0x0000000000000000 0xffffffffffffffff

Linker script and memory map

LOAD c:/st/stm32cubeide_1.7.0/stm32cubeide/plugins/com.st.stm32cube.ide.mcu.externaltools.gnu-tools-for-stm32.9-2020-q2-update.win32_2.0.0.202105311346/tools/bin/../lib/gcc/arm-none-eabi/9.3.1/thumb/v7-m/nofp/crti.o
LOAD c:/st/stm32cubeide_1.7.0/stm32cubeide/plugins/com.st.stm32cube.ide.mcu.externaltools.gnu-tools-for-stm32.9-2020-q2-update.win32_2.0.0.202105311346/tools/bin/../lib/gcc/arm-none-eabi/9.3.1/thumb/v7-m/nofp/crtbegin.o
LOAD c:/st/stm32cubeide_1.7.0/stm32cubeide/plugins/com.st.stm32cube.ide.mcu.externaltools.gnu-tools-for-stm32.9-2020-q2-update.win32_2.0.0.202105311346/tools/bin/../lib/gcc/arm-none-eabi/9.3.1/../../../../arm-none-eabi/lib/thumb/v7-m/nofp/crt0.o
LOAD ./Core/Src/Component.o
LOAD ./Core/Src/Component_1.o
LOAD ./Core/Src/button.o
LOAD ./Core/Src/fsm_automatic.o
LOAD ./Core/Src/fsm_manual.o
LOAD ./Core/Src/fsm_setting.o
LOAD ./Core/Src/global.o
LOAD ./Core/Src/led_traffic.o
LOAD ./Core/Src/main.o
LOAD ./Core/Src/scheduler.o
LOAD ./Core/Src/software_timer.o
LOAD ./Core/Src/stm32f1xx_hal_msp.o
LOAD ./Core/Src/stm32f1xx_it.o
LOAD ./Core/Src/syscalls.o
LOAD ./Core/Src/sysmem.o
LOAD ./Core/Src/system_stm32f1xx.o
LOAD ./Core/Src/watchdog.o
LOAD ./Core/Startup/startup_stm32f103c6tx.o
LOAD ./Drivers/STM32F1xx_HAL_Driver/Src/stm32f1xx_hal.o
LOAD ./Drivers/STM32F1xx_HAL_Driver/Src/stm32f1xx_hal_cortex.o
LOAD ./Drivers/STM32F1xx_HAL_Driver/Src/stm32f1xx_hal_dma.o
LOAD ./Drivers/STM32F1xx_HAL_Driver/Src/stm32f1xx_hal_exti.o
LOAD ./Drivers/STM32F1xx_HAL_Driver/Src/stm32f1xx_hal_flash.o
LOAD ./Drivers/STM32F1xx_HAL_Driver/Src/stm32f1xx_hal_flash_ex.o
LOAD ./Drivers/STM32F1xx_HAL_Driver/Src/stm32f1xx_hal_gpio.o
LOAD ./Drivers/STM32F1xx_HAL_Driver/Src/stm32f1xx_hal_gpio_ex.o
LOAD ./Drivers/STM32F1xx_HAL_Driver/Src/stm32f1xx_hal_pwr.o
LOAD ./Drivers/STM32F1xx_HAL_Driver/Src/stm32f1xx_hal_rcc.o
LOAD ./Drivers/STM32F1xx_HAL_Driver/Src/stm32f1xx_hal_rcc_ex.o
LOAD ./Drivers/STM32F1xx_HAL_Driver/Src/stm32f1xx_hal_tim.o
LOAD ./Drivers/STM32F1xx_HAL_Driver/Src/stm32f1xx_hal_tim_ex.o
START GROUP
LOAD c:/st/stm32cubeide_1.7.0/stm32cubeide/plugins/com.st.stm32cube.ide.mcu.externaltools.gnu-tools-for-stm32.9-2020-q2-update.win32_2.0.0.202105311346/tools/bin/../lib/gcc/arm-none-eabi/9.3.1/../../../../arm-none-eabi/lib/thumb/v7-m/nofp\libc_nano.a
LOAD c:/st/stm32cubeide_1.7.0/stm32cubeide/plugins/com.st.stm32cube.ide.mcu.externaltools.gnu-tools-for-stm32.9-2020-q2-update.win32_2.0.0.202105311346/tools/bin/../lib/gcc/arm-none-eabi/9.3.1/../../../../arm-none-eabi/lib/thumb/v7-m/nofp\libm.a
END GROUP
START GROUP
LOAD c:/st/stm32cubeide_1.7.0/stm32cubeide/plugins/com.st.stm32cube.ide.mcu.externaltools.gnu-tools-for-stm32.9-2020-q2-update.win32_2.0.0.202105311346/tools/bin/../lib/gcc/arm-none-eabi/9.3.1/thumb/v7-m/nofp\libgcc.a
LOAD c:/st/stm32cubeide_1.7.0/stm32cubeide/plugins/com.st.stm32cube.ide.mcu.externaltools.gnu-tools-for-stm32.9-2020-q2-update.win32_2.0.0.202105311346/tools/bin/../lib/gcc/arm-none-eabi/9.3.1/../../../../arm-none-eabi/lib/thumb/v7-m/nofp\libc_nano.a
END GROUP
START GROUP
LOAD c:/st/stm32cubeide_1.7.0/stm32cubeide/plugins/com.st.stm32cube.ide.mcu.externaltools.gnu-tools-for-stm32.9-2020-q2-update.win32_2.0.0.202105311346/tools/bin/../lib/gcc/arm-none-eabi/9.3.1/thumb/v7-m/nofp\libgcc.a
LOAD c:/st/stm32cubeide_1.7.0/stm32cubeide/plugins/com.st.stm32cube.ide.mcu.externaltools.gnu-tools-for-stm32.9-2020-q2-update.win32_2.0.0.202105311346/tools/bin/../lib/gcc/arm-none-eabi/9.3.1/../../../../arm-none-eabi/lib/thumb/v7-m/nofp\libc_nano.a
LOAD c:/st/stm32cubeide_1.7.0/stm32cubeide/plugins/com.st.stm32cube.ide.mcu.externaltools.gnu-tools-for-stm32.9-2020-q2-update.win32_2.0.0.202105311346/tools/bin/../lib/gcc/arm-none-eabi/9.3.1/../../../../arm-none-eabi/lib/thumb/v7-m/nofp\libnosys.a
END GROUP
START GROUP
LOAD c:/st/stm32cubeide_1.7.0/stm32cubeide/plugins/com.st.stm32cube.ide.mcu.externaltools.gnu-tools-for-stm32.9-2020-q2-update.win32_2.0.0.202105311346/tools/bin/../lib/gcc/arm-none-eabi/9.3.1/thumb/v7-m/nofp\libgcc.a
LOAD c:/st/stm32cubeide_1.7.0/stm32cubeide/plugins/com.st.stm32cube.ide.mcu.externaltools.gnu-tools-for-stm32.9-2020-q2-update.win32_2.0.0.202105311346/tools/bin/../lib/gcc/arm-none-eabi/9.3.1/../../../../arm-none-eabi/lib/thumb/v7-m/nofp\libc_nano.a
LOAD c:/st/stm32cubeide_1.7.0/stm32cubeide/plugins/com.st.stm32cube.ide.mcu.externaltools.gnu-tools-for-stm32.9-2020-q2-update.win32_2.0.0.202105311346/tools/bin/../lib/gcc/arm-none-eabi/9.3.1/../../../../arm-none-eabi/lib/thumb/v7-m/nofp\libnosys.a
END GROUP
LOAD c:/st/stm32cubeide_1.7.0/stm32cubeide/plugins/com.st.stm32cube.ide.mcu.externaltools.gnu-tools-for-stm32.9-2020-q2-update.win32_2.0.0.202105311346/tools/bin/../lib/gcc/arm-none-eabi/9.3.1/thumb/v7-m/nofp/crtend.o
LOAD c:/st/stm32cubeide_1.7.0/stm32cubeide/plugins/com.st.stm32cube.ide.mcu.externaltools.gnu-tools-for-stm32.9-2020-q2-update.win32_2.0.0.202105311346/tools/bin/../lib/gcc/arm-none-eabi/9.3.1/thumb/v7-m/nofp/crtn.o
                0x0000000020002800                _estack = (ORIGIN (RAM) + LENGTH (RAM))
                0x0000000000000200                _Min_Heap_Size = 0x200
                0x0000000000000400                _Min_Stack_Size = 0x400

.isr_vector     0x0000000008000000      0x10c
                0x0000000008000000                . = ALIGN (0x4)
 *(.isr_vector)
 .isr_vector    0x0000000008000000      0x10c ./Core/Startup/startup_stm32f103c6tx.o
                0x0000000008000000                g_pfnVectors
                0x000000000800010c                . = ALIGN (0x4)

.text           0x000000000800010c     0x30f4
                0x000000000800010c                . = ALIGN (0x4)
 *(.text)
 .text          0x000000000800010c       0x40 c:/st/stm32cubeide_1.7.0/stm32cubeide/plugins/com.st.stm32cube.ide.mcu.externaltools.gnu-tools-for-stm32.9-2020-q2-update.win32_2.0.0.202105311346/tools/bin/../lib/gcc/arm-none-eabi/9.3.1/thumb/v7-m/nofp/crtbegin.o
 *(.text*)
 .text.Khong    0x000000000800014c       0x60 ./Core/Src/Component.o
                0x000000000800014c                Khong
 .text.Mot      0x00000000080001ac       0x60 ./Core/Src/Component.o
                0x00000000080001ac                Mot
 .text.Hai      0x000000000800020c       0x60 ./Core/Src/Component.o
                0x000000000800020c                Hai
 .text.Ba       0x000000000800026c       0x60 ./Core/Src/Component.o
                0x000000000800026c                Ba
 .text.Bon      0x00000000080002cc       0x60 ./Core/Src/Component.o
                0x00000000080002cc                Bon
 .text.Nam      0x000000000800032c       0x60 ./Core/Src/Component.o
                0x000000000800032c                Nam
 .text.Sau      0x000000000800038c       0x60 ./Core/Src/Component.o
                0x000000000800038c                Sau
 .text.Bay      0x00000000080003ec       0x60 ./Core/Src/Component.o
                0x00000000080003ec                Bay
 .text.Tam      0x000000000800044c       0x60 ./Core/Src/Component.o
                0x000000000800044c                Tam
 .text.Chin     0x00000000080004ac       0x60 ./Core/Src/Component.o
                0x00000000080004ac                Chin
 .text.display7SEG
                0x000000000800050c       0x80 ./Core/Src/Component.o
                0x000000000800050c                display7SEG
 .text.Khong_1  0x000000000800058c       0x54 ./Core/Src/Component_1.o
                0x000000000800058c                Khong_1
 .text.Mot_1    0x00000000080005e0       0x54 ./Core/Src/Component_1.o
                0x00000000080005e0                Mot_1
 .text.Hai_1    0x0000000008000634       0x54 ./Core/Src/Component_1.o
                0x0000000008000634                Hai_1
 .text.Ba_1     0x0000000008000688       0x54 ./Core/Src/Component_1.o
                0x0000000008000688                Ba_1
 .text.Bon_1    0x00000000080006dc       0x54 ./Core/Src/Component_1.o
                0x00000000080006dc                Bon_1
 .text.Nam_1    0x0000000008000730       0x54 ./Core/Src/Component_1.o
                0x0000000008000730                Nam_1
 .text.Sau_1    0x0000000008000784       0x54 ./Core/Src/Component_1.o
                0x0000000008000784                Sau_1
 .text.Bay_1    0x00000000080007d8       0x54 ./Core/Src/Component_1.o
                0x00000000080007d8                Bay_1
 .text.Tam_1    0x000000000800082c       0x54 ./Core/Src/Component_1.o
                0x000000000800082c                Tam_1
 .text.Chin_1   0x0000000008000880       0x54 ./Core/Src/Component_1.o
                0x0000000008000880                Chin_1
 .text.display7SEG_1
                0x00000000080008d4       0x80 ./Core/Src/Component_1.o
                0x00000000080008d4                display7SEG_1
 .text.subKeyProcess
                0x0000000008000954       0x3c ./Core/Src/button.o
                0x0000000008000954                subKeyProcess
 .text.subKeyProcess0
                0x0000000008000990       0x18 ./Core/Src/button.o
                0x0000000008000990                subKeyProcess0
 .text.getKeyInput
                0x00000000080009a8      0x17c ./Core/Src/button.o
                0x00000000080009a8                getKeyInput
 .text.Reset    0x0000000008000b24       0xd0 ./Core/Src/fsm_automatic.o
                0x0000000008000b24                Reset
 .text.case1    0x0000000008000bf4      0x340 ./Core/Src/fsm_automatic.o
                0x0000000008000bf4                case1
 .text.case2    0x0000000008000f34      0x100 ./Core/Src/fsm_manual.o
                0x0000000008000f34                case2
 .text.fsm_manual
                0x0000000008001034      0x218 ./Core/Src/fsm_manual.o
                0x0000000008001034                fsm_manual
 .text.turn_Led7SEG
                0x000000000800124c       0x60 ./Core/Src/fsm_setting.o
                0x000000000800124c                turn_Led7SEG
 .text.setup_Led7SEG
                0x00000000080012ac       0xc4 ./Core/Src/fsm_setting.o
                0x00000000080012ac                setup_Led7SEG
 .text.fsm_setting
                0x0000000008001370        0xc ./Core/Src/fsm_setting.o
                0x0000000008001370                fsm_setting
 .text.LED_RED_3
                0x000000000800137c       0x24 ./Core/Src/led_traffic.o
                0x000000000800137c                LED_RED_3
 .text.LED_GREEN_3
                0x00000000080013a0       0x24 ./Core/Src/led_traffic.o
                0x00000000080013a0                LED_GREEN_3
 .text.LED_YELLOW_3
                0x00000000080013c4       0x24 ./Core/Src/led_traffic.o
                0x00000000080013c4                LED_YELLOW_3
 .text.LED_RED_4
                0x00000000080013e8       0x24 ./Core/Src/led_traffic.o
                0x00000000080013e8                LED_RED_4
 .text.LED_GREEN_4
                0x000000000800140c       0x24 ./Core/Src/led_traffic.o
                0x000000000800140c                LED_GREEN_4
 .text.LED_YELLOW_4
                0x0000000008001430       0x24 ./Core/Src/led_traffic.o
                0x0000000008001430                LED_YELLOW_4
 .text.off_LED  0x0000000008001454       0x3c ./Core/Src/led_traffic.o
                0x0000000008001454                off_LED
 .text.LED      0x0000000008001490       0x14 ./Core/Src/main.o
                0x0000000008001490                LED
 .text.main     0x00000000080014a4       0x50 ./Core/Src/main.o
                0x00000000080014a4                main
 .text.SystemClock_Config
                0x00000000080014f4       0x76 ./Core/Src/main.o
                0x00000000080014f4                SystemClock_Config
 *fill*         0x000000000800156a        0x2 
 .text.MX_TIM2_Init
                0x000000000800156c       0x98 ./Core/Src/main.o
 .text.MX_GPIO_Init
                0x0000000008001604       0xc4 ./Core/Src/main.o
 .text.HAL_TIM_PeriodElapsedCallback
                0x00000000080016c8       0x1c ./Core/Src/main.o
                0x00000000080016c8                HAL_TIM_PeriodElapsedCallback
 .text.Error_Handler
                0x00000000080016e4        0xa ./Core/Src/main.o
                0x00000000080016e4                Error_Handler
 *fill*         0x00000000080016ee        0x2 
 .text.SCH_Add_Task
                0x00000000080016f0       0xac ./Core/Src/scheduler.o
                0x00000000080016f0                SCH_Add_Task
 .text.SCH_Update
                0x000000000800179c       0xc0 ./Core/Src/scheduler.o
                0x000000000800179c                SCH_Update
 .text.SCH_Dispath_Tasks
                0x000000000800185c       0xa8 ./Core/Src/scheduler.o
                0x000000000800185c                SCH_Dispath_Tasks
 .text.SCH_Delete_Task
                0x0000000008001904       0xb0 ./Core/Src/scheduler.o
                0x0000000008001904                SCH_Delete_Task
 .text.SCH_Report_Status
                0x00000000080019b4        0xc ./Core/Src/scheduler.o
                0x00000000080019b4                SCH_Report_Status
 .text.timer_run
                0x00000000080019c0       0x50 ./Core/Src/software_timer.o
                0x00000000080019c0                timer_run
 .text.timerRun
                0x0000000008001a10       0x44 ./Core/Src/software_timer.o
                0x0000000008001a10                timerRun
 .text.HAL_MspInit
                0x0000000008001a54       0x64 ./Core/Src/stm32f1xx_hal_msp.o
                0x0000000008001a54                HAL_MspInit
 .text.HAL_TIM_Base_MspInit
                0x0000000008001ab8       0x48 ./Core/Src/stm32f1xx_hal_msp.o
                0x0000000008001ab8                HAL_TIM_Base_MspInit
 .text.NMI_Handler
                0x0000000008001b00        0x6 ./Core/Src/stm32f1xx_it.o
                0x0000000008001b00                NMI_Handler
 .text.HardFault_Handler
                0x0000000008001b06        0x6 ./Core/Src/stm32f1xx_it.o
                0x0000000008001b06                HardFault_Handler
 .text.MemManage_Handler
                0x0000000008001b0c        0x6 ./Core/Src/stm32f1xx_it.o
                0x0000000008001b0c                MemManage_Handler
 .text.BusFault_Handler
                0x0000000008001b12        0x6 ./Core/Src/stm32f1xx_it.o
                0x0000000008001b12                BusFault_Handler
 .text.UsageFault_Handler
                0x0000000008001b18        0x6 ./Core/Src/stm32f1xx_it.o
                0x0000000008001b18                UsageFault_Handler
 .text.SVC_Handler
                0x0000000008001b1e        0xc ./Core/Src/stm32f1xx_it.o
                0x0000000008001b1e                SVC_Handler
 .text.DebugMon_Handler
                0x0000000008001b2a        0xc ./Core/Src/stm32f1xx_it.o
                0x0000000008001b2a                DebugMon_Handler
 .text.PendSV_Handler
                0x0000000008001b36        0xc ./Core/Src/stm32f1xx_it.o
                0x0000000008001b36                PendSV_Handler
 .text.SysTick_Handler
                0x0000000008001b42        0xc ./Core/Src/stm32f1xx_it.o
                0x0000000008001b42                SysTick_Handler
 *fill*         0x0000000008001b4e        0x2 
 .text.TIM2_IRQHandler
                0x0000000008001b50       0x14 ./Core/Src/stm32f1xx_it.o
                0x0000000008001b50                TIM2_IRQHandler
 .text.SystemInit
                0x0000000008001b64        0xc ./Core/Src/system_stm32f1xx.o
                0x0000000008001b64                SystemInit
 .text.Reset_Handler
                0x0000000008001b70       0x48 ./Core/Startup/startup_stm32f103c6tx.o
                0x0000000008001b70                Reset_Handler
 .text.Default_Handler
                0x0000000008001bb8        0x2 ./Core/Startup/startup_stm32f103c6tx.o
                0x0000000008001bb8                RTC_Alarm_IRQHandler
                0x0000000008001bb8                EXTI2_IRQHandler
                0x0000000008001bb8                TIM1_CC_IRQHandler
                0x0000000008001bb8                PVD_IRQHandler
                0x0000000008001bb8                EXTI3_IRQHandler
                0x0000000008001bb8                EXTI0_IRQHandler
                0x0000000008001bb8                ADC1_2_IRQHandler
                0x0000000008001bb8                SPI1_IRQHandler
                0x0000000008001bb8                TAMPER_IRQHandler
                0x0000000008001bb8                DMA1_Channel4_IRQHandler
                0x0000000008001bb8                RTC_IRQHandler
                0x0000000008001bb8                DMA1_Channel7_IRQHandler
                0x0000000008001bb8                CAN1_RX1_IRQHandler
                0x0000000008001bb8                I2C1_EV_IRQHandler
                0x0000000008001bb8                DMA1_Channel6_IRQHandler
                0x0000000008001bb8                TIM3_IRQHandler
                0x0000000008001bb8                RCC_IRQHandler
                0x0000000008001bb8                TIM1_TRG_COM_IRQHandler
                0x0000000008001bb8                DMA1_Channel1_IRQHandler
                0x0000000008001bb8                Default_Handler
                0x0000000008001bb8                EXTI15_10_IRQHandler
                0x0000000008001bb8                EXTI9_5_IRQHandler
                0x0000000008001bb8                DMA1_Channel5_IRQHandler
                0x0000000008001bb8                EXTI4_IRQHandler
                0x0000000008001bb8                USB_LP_CAN1_RX0_IRQHandler
                0x0000000008001bb8                USB_HP_CAN1_TX_IRQHandler
                0x0000000008001bb8                DMA1_Channel3_IRQHandler
                0x0000000008001bb8                TIM1_UP_IRQHandler
                0x0000000008001bb8                WWDG_IRQHandler
                0x0000000008001bb8                TIM1_BRK_IRQHandler
                0x0000000008001bb8                EXTI1_IRQHandler
                0x0000000008001bb8                USART2_IRQHandler
                0x0000000008001bb8                DMA1_Channel2_IRQHandler
                0x0000000008001bb8                CAN1_SCE_IRQHandler
                0x0000000008001bb8                FLASH_IRQHandler
                0x0000000008001bb8                USART1_IRQHandler
                0x0000000008001bb8                I2C1_ER_IRQHandler
                0x0000000008001bb8                USBWakeUp_IRQHandler
 *fill*         0x0000000008001bba        0x2 
 .text.HAL_Init
                0x0000000008001bbc       0x2c ./Drivers/STM32F1xx_HAL_Driver/Src/stm32f1xx_hal.o
                0x0000000008001bbc                HAL_Init
 .text.HAL_InitTick
                0x0000000008001be8       0x60 ./Drivers/STM32F1xx_HAL_Driver/Src/stm32f1xx_hal.o
                0x0000000008001be8                HAL_InitTick
 .text.HAL_IncTick
                0x0000000008001c48       0x24 ./Drivers/STM32F1xx_HAL_Driver/Src/stm32f1xx_hal.o
                0x0000000008001c48                HAL_IncTick
 .text.HAL_GetTick
                0x0000000008001c6c       0x14 ./Drivers/STM32F1xx_HAL_Driver/Src/stm32f1xx_hal.o
                0x0000000008001c6c                HAL_GetTick
 .text.__NVIC_SetPriorityGrouping
                0x0000000008001c80       0x48 ./Drivers/STM32F1xx_HAL_Driver/Src/stm32f1xx_hal_cortex.o
 .text.__NVIC_GetPriorityGrouping
                0x0000000008001cc8       0x1c ./Drivers/STM32F1xx_HAL_Driver/Src/stm32f1xx_hal_cortex.o
 .text.__NVIC_EnableIRQ
                0x0000000008001ce4       0x38 ./Drivers/STM32F1xx_HAL_Driver/Src/stm32f1xx_hal_cortex.o
 .text.__NVIC_SetPriority
                0x0000000008001d1c       0x54 ./Drivers/STM32F1xx_HAL_Driver/Src/stm32f1xx_hal_cortex.o
 .text.NVIC_EncodePriority
                0x0000000008001d70       0x64 ./Drivers/STM32F1xx_HAL_Driver/Src/stm32f1xx_hal_cortex.o
 .text.SysTick_Config
                0x0000000008001dd4       0x44 ./Drivers/STM32F1xx_HAL_Driver/Src/stm32f1xx_hal_cortex.o
 .text.HAL_NVIC_SetPriorityGrouping
                0x0000000008001e18       0x16 ./Drivers/STM32F1xx_HAL_Driver/Src/stm32f1xx_hal_cortex.o
                0x0000000008001e18                HAL_NVIC_SetPriorityGrouping
 .text.HAL_NVIC_SetPriority
                0x0000000008001e2e       0x38 ./Drivers/STM32F1xx_HAL_Driver/Src/stm32f1xx_hal_cortex.o
                0x0000000008001e2e                HAL_NVIC_SetPriority
 .text.HAL_NVIC_EnableIRQ
                0x0000000008001e66       0x1c ./Drivers/STM32F1xx_HAL_Driver/Src/stm32f1xx_hal_cortex.o
                0x0000000008001e66                HAL_NVIC_EnableIRQ
 .text.HAL_SYSTICK_Config
                0x0000000008001e82       0x18 ./Drivers/STM32F1xx_HAL_Driver/Src/stm32f1xx_hal_cortex.o
                0x0000000008001e82                HAL_SYSTICK_Config
 *fill*         0x0000000008001e9a        0x2 
 .text.HAL_GPIO_Init
                0x0000000008001e9c      0x2f4 ./Drivers/STM32F1xx_HAL_Driver/Src/stm32f1xx_hal_gpio.o
                0x0000000008001e9c                HAL_GPIO_Init
 .text.HAL_GPIO_ReadPin
                0x0000000008002190       0x2e ./Drivers/STM32F1xx_HAL_Driver/Src/stm32f1xx_hal_gpio.o
                0x0000000008002190                HAL_GPIO_ReadPin
 .text.HAL_GPIO_WritePin
                0x00000000080021be       0x30 ./Drivers/STM32F1xx_HAL_Driver/Src/stm32f1xx_hal_gpio.o
                0x00000000080021be                HAL_GPIO_WritePin
 .text.HAL_GPIO_TogglePin
                0x00000000080021ee       0x32 ./Drivers/STM32F1xx_HAL_Driver/Src/stm32f1xx_hal_gpio.o
                0x00000000080021ee                HAL_GPIO_TogglePin
 .text.HAL_RCC_OscConfig
                0x0000000008002220      0x500 ./Drivers/STM32F1xx_HAL_Driver/Src/stm32f1xx_hal_rcc.o
                0x0000000008002220                HAL_RCC_OscConfig
 .text.HAL_RCC_ClockConfig
                0x0000000008002720      0x1d4 ./Drivers/STM32F1xx_HAL_Driver/Src/stm32f1xx_hal_rcc.o
                0x0000000008002720                HAL_RCC_ClockConfig
 .text.HAL_RCC_GetSysClockFreq
                0x00000000080028f4       0xa8 ./Drivers/STM32F1xx_HAL_Driver/Src/stm32f1xx_hal_rcc.o
                0x00000000080028f4                HAL_RCC_GetSysClockFreq
 .text.RCC_Delay
                0x000000000800299c       0x3c ./Drivers/STM32F1xx_HAL_Driver/Src/stm32f1xx_hal_rcc.o
 .text.HAL_TIM_Base_Init
                0x00000000080029d8       0x9e ./Drivers/STM32F1xx_HAL_Driver/Src/stm32f1xx_hal_tim.o
                0x00000000080029d8                HAL_TIM_Base_Init
 *fill*         0x0000000008002a76        0x2 
 .text.HAL_TIM_Base_Start_IT
                0x0000000008002a78       0x98 ./Drivers/STM32F1xx_HAL_Driver/Src/stm32f1xx_hal_tim.o
                0x0000000008002a78                HAL_TIM_Base_Start_IT
 .text.HAL_TIM_IRQHandler
                0x0000000008002b10      0x1e0 ./Drivers/STM32F1xx_HAL_Driver/Src/stm32f1xx_hal_tim.o
                0x0000000008002b10                HAL_TIM_IRQHandler
 .text.HAL_TIM_ConfigClockSource
                0x0000000008002cf0      0x18e ./Drivers/STM32F1xx_HAL_Driver/Src/stm32f1xx_hal_tim.o
                0x0000000008002cf0                HAL_TIM_ConfigClockSource
 .text.HAL_TIM_OC_DelayElapsedCallback
                0x0000000008002e7e       0x12 ./Drivers/STM32F1xx_HAL_Driver/Src/stm32f1xx_hal_tim.o
                0x0000000008002e7e                HAL_TIM_OC_DelayElapsedCallback
 .text.HAL_TIM_IC_CaptureCallback
                0x0000000008002e90       0x12 ./Drivers/STM32F1xx_HAL_Driver/Src/stm32f1xx_hal_tim.o
                0x0000000008002e90                HAL_TIM_IC_CaptureCallback
 .text.HAL_TIM_PWM_PulseFinishedCallback
                0x0000000008002ea2       0x12 ./Drivers/STM32F1xx_HAL_Driver/Src/stm32f1xx_hal_tim.o
                0x0000000008002ea2                HAL_TIM_PWM_PulseFinishedCallback
 .text.HAL_TIM_TriggerCallback
                0x0000000008002eb4       0x12 ./Drivers/STM32F1xx_HAL_Driver/Src/stm32f1xx_hal_tim.o
                0x0000000008002eb4                HAL_TIM_TriggerCallback
 *fill*         0x0000000008002ec6        0x2 
 .text.TIM_Base_SetConfig
                0x0000000008002ec8       0xc8 ./Drivers/STM32F1xx_HAL_Driver/Src/stm32f1xx_hal_tim.o
                0x0000000008002ec8                TIM_Base_SetConfig
 .text.TIM_TI1_ConfigInputStage
                0x0000000008002f90       0x5c ./Drivers/STM32F1xx_HAL_Driver/Src/stm32f1xx_hal_tim.o
 .text.TIM_TI2_ConfigInputStage
                0x0000000008002fec       0x5e ./Drivers/STM32F1xx_HAL_Driver/Src/stm32f1xx_hal_tim.o
 .text.TIM_ITRx_SetConfig
                0x000000000800304a       0x34 ./Drivers/STM32F1xx_HAL_Driver/Src/stm32f1xx_hal_tim.o
 .text.TIM_ETR_SetConfig
                0x000000000800307e       0x3e ./Drivers/STM32F1xx_HAL_Driver/Src/stm32f1xx_hal_tim.o
                0x000000000800307e                TIM_ETR_SetConfig
 .text.HAL_TIMEx_MasterConfigSynchronization
                0x00000000080030bc       0xb0 ./Drivers/STM32F1xx_HAL_Driver/Src/stm32f1xx_hal_tim_ex.o
                0x00000000080030bc                HAL_TIMEx_MasterConfigSynchronization
 .text.HAL_TIMEx_CommutCallback
                0x000000000800316c       0x12 ./Drivers/STM32F1xx_HAL_Driver/Src/stm32f1xx_hal_tim_ex.o
                0x000000000800316c                HAL_TIMEx_CommutCallback
 .text.HAL_TIMEx_BreakCallback
                0x000000000800317e       0x12 ./Drivers/STM32F1xx_HAL_Driver/Src/stm32f1xx_hal_tim_ex.o
                0x000000000800317e                HAL_TIMEx_BreakCallback
 .text.__libc_init_array
                0x0000000008003190       0x48 c:/st/stm32cubeide_1.7.0/stm32cubeide/plugins/com.st.stm32cube.ide.mcu.externaltools.gnu-tools-for-stm32.9-2020-q2-update.win32_2.0.0.202105311346/tools/bin/../lib/gcc/arm-none-eabi/9.3.1/../../../../arm-none-eabi/lib/thumb/v7-m/nofp\libc_nano.a(lib_a-init.o)
                0x0000000008003190                __libc_init_array
 .text.memset   0x00000000080031d8       0x10 c:/st/stm32cubeide_1.7.0/stm32cubeide/plugins/com.st.stm32cube.ide.mcu.externaltools.gnu-tools-for-stm32.9-2020-q2-update.win32_2.0.0.202105311346/tools/bin/../lib/gcc/arm-none-eabi/9.3.1/../../../../arm-none-eabi/lib/thumb/v7-m/nofp\libc_nano.a(lib_a-memset.o)
                0x00000000080031d8                memset
 *(.glue_7)
 .glue_7        0x00000000080031e8        0x0 linker stubs
 *(.glue_7t)
 .glue_7t       0x00000000080031e8        0x0 linker stubs
 *(.eh_frame)
 .eh_frame      0x00000000080031e8        0x0 c:/st/stm32cubeide_1.7.0/stm32cubeide/plugins/com.st.stm32cube.ide.mcu.externaltools.gnu-tools-for-stm32.9-2020-q2-update.win32_2.0.0.202105311346/tools/bin/../lib/gcc/arm-none-eabi/9.3.1/thumb/v7-m/nofp/crtbegin.o
 *(.init)
 .init          0x00000000080031e8        0x4 c:/st/stm32cubeide_1.7.0/stm32cubeide/plugins/com.st.stm32cube.ide.mcu.externaltools.gnu-tools-for-stm32.9-2020-q2-update.win32_2.0.0.202105311346/tools/bin/../lib/gcc/arm-none-eabi/9.3.1/thumb/v7-m/nofp/crti.o
                0x00000000080031e8                _init
 .init          0x00000000080031ec        0x8 c:/st/stm32cubeide_1.7.0/stm32cubeide/plugins/com.st.stm32cube.ide.mcu.externaltools.gnu-tools-for-stm32.9-2020-q2-update.win32_2.0.0.202105311346/tools/bin/../lib/gcc/arm-none-eabi/9.3.1/thumb/v7-m/nofp/crtn.o
 *(.fini)
 .fini          0x00000000080031f4        0x4 c:/st/stm32cubeide_1.7.0/stm32cubeide/plugins/com.st.stm32cube.ide.mcu.externaltools.gnu-tools-for-stm32.9-2020-q2-update.win32_2.0.0.202105311346/tools/bin/../lib/gcc/arm-none-eabi/9.3.1/thumb/v7-m/nofp/crti.o
                0x00000000080031f4                _fini
 .fini          0x00000000080031f8        0x8 c:/st/stm32cubeide_1.7.0/stm32cubeide/plugins/com.st.stm32cube.ide.mcu.externaltools.gnu-tools-for-stm32.9-2020-q2-update.win32_2.0.0.202105311346/tools/bin/../lib/gcc/arm-none-eabi/9.3.1/thumb/v7-m/nofp/crtn.o
                0x0000000008003200                . = ALIGN (0x4)
                0x0000000008003200                _etext = .

.vfp11_veneer   0x0000000008003200        0x0
 .vfp11_veneer  0x0000000008003200        0x0 linker stubs

.v4_bx          0x0000000008003200        0x0
 .v4_bx         0x0000000008003200        0x0 linker stubs

.iplt           0x0000000008003200        0x0
 .iplt          0x0000000008003200        0x0 c:/st/stm32cubeide_1.7.0/stm32cubeide/plugins/com.st.stm32cube.ide.mcu.externaltools.gnu-tools-for-stm32.9-2020-q2-update.win32_2.0.0.202105311346/tools/bin/../lib/gcc/arm-none-eabi/9.3.1/thumb/v7-m/nofp/crtbegin.o

.rodata         0x0000000008003200       0x24
                0x0000000008003200                . = ALIGN (0x4)
 *(.rodata)
 *(.rodata*)
 .rodata.AHBPrescTable
                0x0000000008003200       0x10 ./Core/Src/system_stm32f1xx.o
                0x0000000008003200                AHBPrescTable
 .rodata.aPLLMULFactorTable.6032
                0x0000000008003210       0x10 ./Drivers/STM32F1xx_HAL_Driver/Src/stm32f1xx_hal_rcc.o
 .rodata.aPredivFactorTable.6033
                0x0000000008003220        0x2 ./Drivers/STM32F1xx_HAL_Driver/Src/stm32f1xx_hal_rcc.o
                0x0000000008003224                . = ALIGN (0x4)
 *fill*         0x0000000008003222        0x2 

.rel.dyn        0x0000000008003224        0x0
 .rel.iplt      0x0000000008003224        0x0 c:/st/stm32cubeide_1.7.0/stm32cubeide/plugins/com.st.stm32cube.ide.mcu.externaltools.gnu-tools-for-stm32.9-2020-q2-update.win32_2.0.0.202105311346/tools/bin/../lib/gcc/arm-none-eabi/9.3.1/thumb/v7-m/nofp/crtbegin.o

.ARM.extab      0x0000000008003224        0x0
                0x0000000008003224                . = ALIGN (0x4)
 *(.ARM.extab* .gnu.linkonce.armextab.*)
                0x0000000008003224                . = ALIGN (0x4)

.ARM            0x0000000008003224        0x0
                0x0000000008003224                . = ALIGN (0x4)
                0x0000000008003224                __exidx_start = .
 *(.ARM.exidx*)
                0x0000000008003224                __exidx_end = .
                0x0000000008003224                . = ALIGN (0x4)

.preinit_array  0x0000000008003224        0x0
                0x0000000008003224                . = ALIGN (0x4)
                0x0000000008003224                PROVIDE (__preinit_array_start = .)
 *(.preinit_array*)
                0x0000000008003224                PROVIDE (__preinit_array_end = .)
                0x0000000008003224                . = ALIGN (0x4)

.init_array     0x0000000008003224        0x4
                0x0000000008003224                . = ALIGN (0x4)
                0x0000000008003224                PROVIDE (__init_array_start = .)
 *(SORT_BY_NAME(.init_array.*))
 *(.init_array*)
 .init_array    0x0000000008003224        0x4 c:/st/stm32cubeide_1.7.0/stm32cubeide/plugins/com.st.stm32cube.ide.mcu.externaltools.gnu-tools-for-stm32.9-2020-q2-update.win32_2.0.0.202105311346/tools/bin/../lib/gcc/arm-none-eabi/9.3.1/thumb/v7-m/nofp/crtbegin.o
                0x0000000008003228                PROVIDE (__init_array_end = .)
                0x0000000008003228                . = ALIGN (0x4)

.fini_array     0x0000000008003228        0x4
                0x0000000008003228                . = ALIGN (0x4)
                [!provide]                        PROVIDE (__fini_array_start = .)
 *(SORT_BY_NAME(.fini_array.*))
 *(.fini_array*)
 .fini_array    0x0000000008003228        0x4 c:/st/stm32cubeide_1.7.0/stm32cubeide/plugins/com.st.stm32cube.ide.mcu.externaltools.gnu-tools-for-stm32.9-2020-q2-update.win32_2.0.0.202105311346/tools/bin/../lib/gcc/arm-none-eabi/9.3.1/thumb/v7-m/nofp/crtbegin.o
                [!provide]                        PROVIDE (__fini_array_end = .)
                0x000000000800322c                . = ALIGN (0x4)
                0x000000000800322c                _sidata = LOADADDR (.data)

.data           0x0000000020000000       0xa4 load address 0x000000000800322c
                0x0000000020000000                . = ALIGN (0x4)
                0x0000000020000000                _sdata = .
 *(.data)
 *(.data*)
 .data.KeyReg0  0x0000000020000000       0x10 ./Core/Src/button.o
                0x0000000020000000                KeyReg0
 .data.KeyReg1  0x0000000020000010       0x10 ./Core/Src/button.o
                0x0000000020000010                KeyReg1
 .data.KeyReg2  0x0000000020000020       0x10 ./Core/Src/button.o
                0x0000000020000020                KeyReg2
 .data.KeyReg3  0x0000000020000030       0x10 ./Core/Src/button.o
                0x0000000020000030                KeyReg3
 .data.TimerForKeyPress
                0x0000000020000040       0x10 ./Core/Src/button.o
                0x0000000020000040                TimerForKeyPress
 .data.en0      0x0000000020000050        0x4 ./Core/Src/fsm_setting.o
                0x0000000020000050                en0
 .data.en2      0x0000000020000054        0x4 ./Core/Src/fsm_setting.o
                0x0000000020000054                en2
 .data.counter2
                0x0000000020000058        0x4 ./Core/Src/global.o
                0x0000000020000058                counter2
 .data.i_1      0x000000002000005c        0x4 ./Core/Src/global.o
                0x000000002000005c                i_1
 .data.j_1      0x0000000020000060        0x4 ./Core/Src/global.o
                0x0000000020000060                j_1
 .data.t_1      0x0000000020000064        0x4 ./Core/Src/global.o
                0x0000000020000064                t_1
 .data.i_2      0x0000000020000068        0x4 ./Core/Src/global.o
                0x0000000020000068                i_2
 .data.j_2      0x000000002000006c        0x4 ./Core/Src/global.o
                0x000000002000006c                j_2
 .data.t_2      0x0000000020000070        0x4 ./Core/Src/global.o
                0x0000000020000070                t_2
 .data.test     0x0000000020000074        0x4 ./Core/Src/global.o
                0x0000000020000074                test
 .data.r        0x0000000020000078        0x4 ./Core/Src/global.o
                0x0000000020000078                r
 .data.dem      0x000000002000007c        0x4 ./Core/Src/global.o
                0x000000002000007c                dem
 .data.max_Red  0x0000000020000080        0x4 ./Core/Src/global.o
                0x0000000020000080                max_Red
 .data.max_Yellow
                0x0000000020000084        0x4 ./Core/Src/global.o
                0x0000000020000084                max_Yellow
 .data.max_Green
                0x0000000020000088        0x4 ./Core/Src/global.o
                0x0000000020000088                max_Green
 .data.prev_max_Red
                0x000000002000008c        0x4 ./Core/Src/global.o
                0x000000002000008c                prev_max_Red
 .data.prev_max_Yellow
                0x0000000020000090        0x4 ./Core/Src/global.o
                0x0000000020000090                prev_max_Yellow
 .data.prev_max_Green
                0x0000000020000094        0x4 ./Core/Src/global.o
                0x0000000020000094                prev_max_Green
 .data.SystemCoreClock
                0x0000000020000098        0x4 ./Core/Src/system_stm32f1xx.o
                0x0000000020000098                SystemCoreClock
 .data.uwTickPrio
                0x000000002000009c        0x4 ./Drivers/STM32F1xx_HAL_Driver/Src/stm32f1xx_hal.o
                0x000000002000009c                uwTickPrio
 .data.uwTickFreq
                0x00000000200000a0        0x1 ./Drivers/STM32F1xx_HAL_Driver/Src/stm32f1xx_hal.o
                0x00000000200000a0                uwTickFreq
 *(.RamFunc)
 *(.RamFunc*)
                0x00000000200000a4                . = ALIGN (0x4)
 *fill*         0x00000000200000a1        0x3 
                0x00000000200000a4                _edata = .

.igot.plt       0x00000000200000a4        0x0 load address 0x00000000080032d0
 .igot.plt      0x00000000200000a4        0x0 c:/st/stm32cubeide_1.7.0/stm32cubeide/plugins/com.st.stm32cube.ide.mcu.externaltools.gnu-tools-for-stm32.9-2020-q2-update.win32_2.0.0.202105311346/tools/bin/../lib/gcc/arm-none-eabi/9.3.1/thumb/v7-m/nofp/crtbegin.o
                0x00000000200000a4                . = ALIGN (0x4)

.bss            0x00000000200000a4      0x424 load address 0x00000000080032d0
                0x00000000200000a4                _sbss = .
                0x00000000200000a4                __bss_start__ = _sbss
 *(.bss)
 .bss           0x00000000200000a4       0x1c c:/st/stm32cubeide_1.7.0/stm32cubeide/plugins/com.st.stm32cube.ide.mcu.externaltools.gnu-tools-for-stm32.9-2020-q2-update.win32_2.0.0.202105311346/tools/bin/../lib/gcc/arm-none-eabi/9.3.1/thumb/v7-m/nofp/crtbegin.o
 *(.bss*)
 .bss.button_flag
                0x00000000200000c0       0x10 ./Core/Src/button.o
                0x00000000200000c0                button_flag
 .bss.PRESSED_STATE_0
                0x00000000200000d0        0x4 ./Core/Src/button.o
                0x00000000200000d0                PRESSED_STATE_0
 .bss.test_1    0x00000000200000d4        0x4 ./Core/Src/fsm_manual.o
                0x00000000200000d4                test_1
 .bss.mode      0x00000000200000d8        0x4 ./Core/Src/fsm_setting.o
                0x00000000200000d8                mode
 .bss.en1       0x00000000200000dc        0x4 ./Core/Src/fsm_setting.o
                0x00000000200000dc                en1
 .bss.en3       0x00000000200000e0        0x4 ./Core/Src/fsm_setting.o
                0x00000000200000e0                en3
 .bss.bool      0x00000000200000e4        0x4 ./Core/Src/global.o
                0x00000000200000e4                bool
 .bss.x         0x00000000200000e8        0x4 ./Core/Src/global.o
                0x00000000200000e8                x
 .bss.counter   0x00000000200000ec        0x4 ./Core/Src/global.o
                0x00000000200000ec                counter
 .bss.turn      0x00000000200000f0        0x4 ./Core/Src/global.o
                0x00000000200000f0                turn
 .bss.current_index_task
                0x00000000200000f4        0x1 ./Core/Src/scheduler.o
                0x00000000200000f4                current_index_task
 .bss.Error_code_G
                0x00000000200000f5        0x1 ./Core/Src/scheduler.o
                0x00000000200000f5                Error_code_G
 *fill*         0x00000000200000f6        0x2 
 .bss.a         0x00000000200000f8        0x4 ./Core/Src/scheduler.o
                0x00000000200000f8                a
 .bss.timer_counter
                0x00000000200000fc       0x28 ./Core/Src/software_timer.o
                0x00000000200000fc                timer_counter
 .bss.timer_flag
                0x0000000020000124       0x28 ./Core/Src/software_timer.o
                0x0000000020000124                timer_flag
 *(COMMON)
 COMMON         0x000000002000014c        0xe ./Core/Src/fsm_manual.o
                0x000000002000014c                RETURN_ERROR
                0x000000002000014d                ERROR_SCH_WAITING_FOR_SLAVE_TO_ACK
                0x000000002000014e                ERROR_SCH_CANNOT_DELETE_TASK
                0x000000002000014f                RETURN_NORMAL
                0x0000000020000150                temp
                0x0000000020000154                ERROR_SCH_TOO_MANY_TASKS
                0x0000000020000155                ERROR_SCH_WAITING_FOR_START_COMMAND_FROM_MASTER
                0x0000000020000156                ERROR_SCH_ONE_OR_MORE_SLAVES_DID_NOT_START
                0x0000000020000157                ERROR_SCH_CAN_BUS_ERROR
                0x0000000020000158                ERROR_I2C_WRITE_BYTE_AT24C64
                0x0000000020000159                ERROR_SCH_LOST_SLAVE
 *fill*         0x000000002000015a        0x2 
 COMMON         0x000000002000015c       0x48 ./Core/Src/main.o
                0x000000002000015c                htim2
 COMMON         0x00000000200001a4      0x320 ./Core/Src/scheduler.o
                0x00000000200001a4                SCH_Tasks_G
 COMMON         0x00000000200004c4        0x4 ./Drivers/STM32F1xx_HAL_Driver/Src/stm32f1xx_hal.o
                0x00000000200004c4                uwTick
                0x00000000200004c8                . = ALIGN (0x4)
                0x00000000200004c8                _ebss = .
                0x00000000200004c8                __bss_end__ = _ebss

._user_heap_stack
                0x00000000200004c8      0x600 load address 0x00000000080032d0
                0x00000000200004c8                . = ALIGN (0x8)
                [!provide]                        PROVIDE (end = .)
                0x00000000200004c8                PROVIDE (_end = .)
                0x00000000200006c8                . = (. + _Min_Heap_Size)
 *fill*         0x00000000200004c8      0x200 
                0x0000000020000ac8                . = (. + _Min_Stack_Size)
 *fill*         0x00000000200006c8      0x400 
                0x0000000020000ac8                . = ALIGN (0x8)

/DISCARD/
 libc.a(*)
 libm.a(*)
 libgcc.a(*)

.ARM.attributes
                0x0000000000000000       0x29
 *(.ARM.attributes)
 .ARM.attributes
                0x0000000000000000       0x1d c:/st/stm32cubeide_1.7.0/stm32cubeide/plugins/com.st.stm32cube.ide.mcu.externaltools.gnu-tools-for-stm32.9-2020-q2-update.win32_2.0.0.202105311346/tools/bin/../lib/gcc/arm-none-eabi/9.3.1/thumb/v7-m/nofp/crti.o
 .ARM.attributes
                0x000000000000001d       0x2d c:/st/stm32cubeide_1.7.0/stm32cubeide/plugins/com.st.stm32cube.ide.mcu.externaltools.gnu-tools-for-stm32.9-2020-q2-update.win32_2.0.0.202105311346/tools/bin/../lib/gcc/arm-none-eabi/9.3.1/thumb/v7-m/nofp/crtbegin.o
 .ARM.attributes
                0x000000000000004a       0x2d ./Core/Src/Component.o
 .ARM.attributes
                0x0000000000000077       0x2d ./Core/Src/Component_1.o
 .ARM.attributes
                0x00000000000000a4       0x2d ./Core/Src/button.o
 .ARM.attributes
                0x00000000000000d1       0x2d ./Core/Src/fsm_automatic.o
 .ARM.attributes
                0x00000000000000fe       0x2d ./Core/Src/fsm_manual.o
 .ARM.attributes
                0x000000000000012b       0x2d ./Core/Src/fsm_setting.o
 .ARM.attributes
                0x0000000000000158       0x33 ./Core/Src/global.o
 .ARM.attributes
                0x000000000000018b       0x2d ./Core/Src/led_traffic.o
 .ARM.attributes
                0x00000000000001b8       0x2d ./Core/Src/main.o
 .ARM.attributes
                0x00000000000001e5       0x2d ./Core/Src/scheduler.o
 .ARM.attributes
                0x0000000000000212       0x2d ./Core/Src/software_timer.o
 .ARM.attributes
                0x000000000000023f       0x2d ./Core/Src/stm32f1xx_hal_msp.o
 .ARM.attributes
                0x000000000000026c       0x2d ./Core/Src/stm32f1xx_it.o
 .ARM.attributes
                0x0000000000000299       0x2d ./Core/Src/system_stm32f1xx.o
 .ARM.attributes
                0x00000000000002c6       0x21 ./Core/Startup/startup_stm32f103c6tx.o
 .ARM.attributes
                0x00000000000002e7       0x2d ./Drivers/STM32F1xx_HAL_Driver/Src/stm32f1xx_hal.o
 .ARM.attributes
                0x0000000000000314       0x2d ./Drivers/STM32F1xx_HAL_Driver/Src/stm32f1xx_hal_cortex.o
 .ARM.attributes
                0x0000000000000341       0x2d ./Drivers/STM32F1xx_HAL_Driver/Src/stm32f1xx_hal_gpio.o
 .ARM.attributes
                0x000000000000036e       0x2d ./Drivers/STM32F1xx_HAL_Driver/Src/stm32f1xx_hal_rcc.o
 .ARM.attributes
                0x000000000000039b       0x2d ./Drivers/STM32F1xx_HAL_Driver/Src/stm32f1xx_hal_tim.o
 .ARM.attributes
                0x00000000000003c8       0x2d ./Drivers/STM32F1xx_HAL_Driver/Src/stm32f1xx_hal_tim_ex.o
 .ARM.attributes
                0x00000000000003f5       0x2d c:/st/stm32cubeide_1.7.0/stm32cubeide/plugins/com.st.stm32cube.ide.mcu.externaltools.gnu-tools-for-stm32.9-2020-q2-update.win32_2.0.0.202105311346/tools/bin/../lib/gcc/arm-none-eabi/9.3.1/../../../../arm-none-eabi/lib/thumb/v7-m/nofp\libc_nano.a(lib_a-init.o)
 .ARM.attributes
                0x0000000000000422       0x2d c:/st/stm32cubeide_1.7.0/stm32cubeide/plugins/com.st.stm32cube.ide.mcu.externaltools.gnu-tools-for-stm32.9-2020-q2-update.win32_2.0.0.202105311346/tools/bin/../lib/gcc/arm-none-eabi/9.3.1/../../../../arm-none-eabi/lib/thumb/v7-m/nofp\libc_nano.a(lib_a-memset.o)
 .ARM.attributes
                0x000000000000044f       0x1d c:/st/stm32cubeide_1.7.0/stm32cubeide/plugins/com.st.stm32cube.ide.mcu.externaltools.gnu-tools-for-stm32.9-2020-q2-update.win32_2.0.0.202105311346/tools/bin/../lib/gcc/arm-none-eabi/9.3.1/thumb/v7-m/nofp/crtn.o
OUTPUT(EX1.elf elf32-littlearm)
LOAD linker stubs
LOAD c:/st/stm32cubeide_1.7.0/stm32cubeide/plugins/com.st.stm32cube.ide.mcu.externaltools.gnu-tools-for-stm32.9-2020-q2-update.win32_2.0.0.202105311346/tools/bin/../lib/gcc/arm-none-eabi/9.3.1/../../../../arm-none-eabi/lib/thumb/v7-m/nofp\libc.a
LOAD c:/st/stm32cubeide_1.7.0/stm32cubeide/plugins/com.st.stm32cube.ide.mcu.externaltools.gnu-tools-for-stm32.9-2020-q2-update.win32_2.0.0.202105311346/tools/bin/../lib/gcc/arm-none-eabi/9.3.1/../../../../arm-none-eabi/lib/thumb/v7-m/nofp\libm.a
LOAD c:/st/stm32cubeide_1.7.0/stm32cubeide/plugins/com.st.stm32cube.ide.mcu.externaltools.gnu-tools-for-stm32.9-2020-q2-update.win32_2.0.0.202105311346/tools/bin/../lib/gcc/arm-none-eabi/9.3.1/thumb/v7-m/nofp\libgcc.a

.debug_info     0x0000000000000000     0xa9bf
 .debug_info    0x0000000000000000      0x306 ./Core/Src/Component.o
 .debug_info    0x0000000000000306      0x307 ./Core/Src/Component_1.o
 .debug_info    0x000000000000060d      0x4af ./Core/Src/button.o
 .debug_info    0x0000000000000abc      0x47e ./Core/Src/fsm_automatic.o
 .debug_info    0x0000000000000f3a      0x44e ./Core/Src/fsm_manual.o
 .debug_info    0x0000000000001388      0x478 ./Core/Src/fsm_setting.o
 .debug_info    0x0000000000001800      0x2ed ./Core/Src/global.o
 .debug_info    0x0000000000001aed      0x2ab ./Core/Src/led_traffic.o
 .debug_info    0x0000000000001d98      0xe0d ./Core/Src/main.o
 .debug_info    0x0000000000002ba5      0x2f6 ./Core/Src/scheduler.o
 .debug_info    0x0000000000002e9b      0x233 ./Core/Src/software_timer.o
 .debug_info    0x00000000000030ce      0xa09 ./Core/Src/stm32f1xx_hal_msp.o
 .debug_info    0x0000000000003ad7      0x7b9 ./Core/Src/stm32f1xx_it.o
 .debug_info    0x0000000000004290      0x2be ./Core/Src/system_stm32f1xx.o
 .debug_info    0x000000000000454e       0x22 ./Core/Startup/startup_stm32f103c6tx.o
 .debug_info    0x0000000000004570      0x74c ./Drivers/STM32F1xx_HAL_Driver/Src/stm32f1xx_hal.o
 .debug_info    0x0000000000004cbc      0xbbe ./Drivers/STM32F1xx_HAL_Driver/Src/stm32f1xx_hal_cortex.o
 .debug_info    0x000000000000587a      0x701 ./Drivers/STM32F1xx_HAL_Driver/Src/stm32f1xx_hal_gpio.o
 .debug_info    0x0000000000005f7b      0x893 ./Drivers/STM32F1xx_HAL_Driver/Src/stm32f1xx_hal_rcc.o
 .debug_info    0x000000000000680e     0x2c32 ./Drivers/STM32F1xx_HAL_Driver/Src/stm32f1xx_hal_tim.o
 .debug_info    0x0000000000009440     0x157f ./Drivers/STM32F1xx_HAL_Driver/Src/stm32f1xx_hal_tim_ex.o

.debug_abbrev   0x0000000000000000     0x2086
 .debug_abbrev  0x0000000000000000      0x13f ./Core/Src/Component.o
 .debug_abbrev  0x000000000000013f      0x125 ./Core/Src/Component_1.o
 .debug_abbrev  0x0000000000000264      0x18a ./Core/Src/button.o
 .debug_abbrev  0x00000000000003ee      0x10f ./Core/Src/fsm_automatic.o
 .debug_abbrev  0x00000000000004fd      0x11a ./Core/Src/fsm_manual.o
 .debug_abbrev  0x0000000000000617      0x15e ./Core/Src/fsm_setting.o
 .debug_abbrev  0x0000000000000775       0x70 ./Core/Src/global.o
 .debug_abbrev  0x00000000000007e5       0xf8 ./Core/Src/led_traffic.o
 .debug_abbrev  0x00000000000008dd      0x273 ./Core/Src/main.o
 .debug_abbrev  0x0000000000000b50      0x15a ./Core/Src/scheduler.o
 .debug_abbrev  0x0000000000000caa      0x130 ./Core/Src/software_timer.o
 .debug_abbrev  0x0000000000000dda      0x1b7 ./Core/Src/stm32f1xx_hal_msp.o
 .debug_abbrev  0x0000000000000f91      0x176 ./Core/Src/stm32f1xx_it.o
 .debug_abbrev  0x0000000000001107      0x14e ./Core/Src/system_stm32f1xx.o
 .debug_abbrev  0x0000000000001255       0x12 ./Core/Startup/startup_stm32f103c6tx.o
 .debug_abbrev  0x0000000000001267      0x1ed ./Drivers/STM32F1xx_HAL_Driver/Src/stm32f1xx_hal.o
 .debug_abbrev  0x0000000000001454      0x313 ./Drivers/STM32F1xx_HAL_Driver/Src/stm32f1xx_hal_cortex.o
 .debug_abbrev  0x0000000000001767      0x1e8 ./Drivers/STM32F1xx_HAL_Driver/Src/stm32f1xx_hal_gpio.o
 .debug_abbrev  0x000000000000194f      0x273 ./Drivers/STM32F1xx_HAL_Driver/Src/stm32f1xx_hal_rcc.o
 .debug_abbrev  0x0000000000001bc2      0x25e ./Drivers/STM32F1xx_HAL_Driver/Src/stm32f1xx_hal_tim.o
 .debug_abbrev  0x0000000000001e20      0x266 ./Drivers/STM32F1xx_HAL_Driver/Src/stm32f1xx_hal_tim_ex.o

.debug_aranges  0x0000000000000000      0xba8
 .debug_aranges
                0x0000000000000000       0x70 ./Core/Src/Component.o
 .debug_aranges
                0x0000000000000070       0x70 ./Core/Src/Component_1.o
 .debug_aranges
                0x00000000000000e0       0x30 ./Core/Src/button.o
 .debug_aranges
                0x0000000000000110       0x28 ./Core/Src/fsm_automatic.o
 .debug_aranges
                0x0000000000000138       0x28 ./Core/Src/fsm_manual.o
 .debug_aranges
                0x0000000000000160       0x30 ./Core/Src/fsm_setting.o
 .debug_aranges
                0x0000000000000190       0x18 ./Core/Src/global.o
 .debug_aranges
                0x00000000000001a8       0x50 ./Core/Src/led_traffic.o
 .debug_aranges
                0x00000000000001f8       0x50 ./Core/Src/main.o
 .debug_aranges
                0x0000000000000248       0x48 ./Core/Src/scheduler.o
 .debug_aranges
                0x0000000000000290       0x30 ./Core/Src/software_timer.o
 .debug_aranges
                0x00000000000002c0       0x30 ./Core/Src/stm32f1xx_hal_msp.o
 .debug_aranges
                0x00000000000002f0       0x68 ./Core/Src/stm32f1xx_it.o
 .debug_aranges
                0x0000000000000358       0x28 ./Core/Src/system_stm32f1xx.o
 .debug_aranges
                0x0000000000000380       0x28 ./Core/Startup/startup_stm32f103c6tx.o
 .debug_aranges
                0x00000000000003a8       0xe0 ./Drivers/STM32F1xx_HAL_Driver/Src/stm32f1xx_hal.o
 .debug_aranges
                0x0000000000000488      0x100 ./Drivers/STM32F1xx_HAL_Driver/Src/stm32f1xx_hal_cortex.o
 .debug_aranges
                0x0000000000000588       0x58 ./Drivers/STM32F1xx_HAL_Driver/Src/stm32f1xx_hal_gpio.o
 .debug_aranges
                0x00000000000005e0       0x90 ./Drivers/STM32F1xx_HAL_Driver/Src/stm32f1xx_hal_rcc.o
 .debug_aranges
                0x0000000000000670      0x3d0 ./Drivers/STM32F1xx_HAL_Driver/Src/stm32f1xx_hal_tim.o
 .debug_aranges
                0x0000000000000a40      0x168 ./Drivers/STM32F1xx_HAL_Driver/Src/stm32f1xx_hal_tim_ex.o

.debug_ranges   0x0000000000000000      0xa58
 .debug_ranges  0x0000000000000000       0x60 ./Core/Src/Component.o
 .debug_ranges  0x0000000000000060       0x60 ./Core/Src/Component_1.o
 .debug_ranges  0x00000000000000c0       0x20 ./Core/Src/button.o
 .debug_ranges  0x00000000000000e0       0x18 ./Core/Src/fsm_automatic.o
 .debug_ranges  0x00000000000000f8       0x18 ./Core/Src/fsm_manual.o
 .debug_ranges  0x0000000000000110       0x20 ./Core/Src/fsm_setting.o
 .debug_ranges  0x0000000000000130       0x40 ./Core/Src/led_traffic.o
 .debug_ranges  0x0000000000000170       0x40 ./Core/Src/main.o
 .debug_ranges  0x00000000000001b0       0x38 ./Core/Src/scheduler.o
 .debug_ranges  0x00000000000001e8       0x20 ./Core/Src/software_timer.o
 .debug_ranges  0x0000000000000208       0x20 ./Core/Src/stm32f1xx_hal_msp.o
 .debug_ranges  0x0000000000000228       0x58 ./Core/Src/stm32f1xx_it.o
 .debug_ranges  0x0000000000000280       0x18 ./Core/Src/system_stm32f1xx.o
 .debug_ranges  0x0000000000000298       0x20 ./Core/Startup/startup_stm32f103c6tx.o
 .debug_ranges  0x00000000000002b8       0xd0 ./Drivers/STM32F1xx_HAL_Driver/Src/stm32f1xx_hal.o
 .debug_ranges  0x0000000000000388       0xf0 ./Drivers/STM32F1xx_HAL_Driver/Src/stm32f1xx_hal_cortex.o
 .debug_ranges  0x0000000000000478       0x48 ./Drivers/STM32F1xx_HAL_Driver/Src/stm32f1xx_hal_gpio.o
 .debug_ranges  0x00000000000004c0       0x80 ./Drivers/STM32F1xx_HAL_Driver/Src/stm32f1xx_hal_rcc.o
 .debug_ranges  0x0000000000000540      0x3c0 ./Drivers/STM32F1xx_HAL_Driver/Src/stm32f1xx_hal_tim.o
 .debug_ranges  0x0000000000000900      0x158 ./Drivers/STM32F1xx_HAL_Driver/Src/stm32f1xx_hal_tim_ex.o

.debug_macro    0x0000000000000000    0x172ea
 .debug_macro   0x0000000000000000      0x1b0 ./Core/Src/Component.o
 .debug_macro   0x00000000000001b0      0xa9c ./Core/Src/Component.o
 .debug_macro   0x0000000000000c4c      0x215 ./Core/Src/Component.o
 .debug_macro   0x0000000000000e61       0x2e ./Core/Src/Component.o
 .debug_macro   0x0000000000000e8f       0x22 ./Core/Src/Component.o
 .debug_macro   0x0000000000000eb1       0x22 ./Core/Src/Component.o
 .debug_macro   0x0000000000000ed3       0x8e ./Core/Src/Component.o
 .debug_macro   0x0000000000000f61       0x51 ./Core/Src/Component.o
 .debug_macro   0x0000000000000fb2      0x103 ./Core/Src/Component.o
 .debug_macro   0x00000000000010b5       0x6a ./Core/Src/Component.o
 .debug_macro   0x000000000000111f      0x1df ./Core/Src/Component.o
 .debug_macro   0x00000000000012fe       0x1c ./Core/Src/Component.o
 .debug_macro   0x000000000000131a       0x22 ./Core/Src/Component.o
 .debug_macro   0x000000000000133c       0xc3 ./Core/Src/Component.o
 .debug_macro   0x00000000000013ff      0xd23 ./Core/Src/Component.o
 .debug_macro   0x0000000000002122     0xde75 ./Core/Src/Component.o
 .debug_macro   0x000000000000ff97       0x6d ./Core/Src/Component.o
 .debug_macro   0x0000000000010004     0x34a2 ./Core/Src/Component.o
 .debug_macro   0x00000000000134a6      0x174 ./Core/Src/Component.o
 .debug_macro   0x000000000001361a       0x5c ./Core/Src/Component.o
 .debug_macro   0x0000000000013676      0x5bc ./Core/Src/Component.o
 .debug_macro   0x0000000000013c32      0x1b7 ./Core/Src/Component.o
 .debug_macro   0x0000000000013de9      0x1cb ./Core/Src/Component.o
 .debug_macro   0x0000000000013fb4      0x114 ./Core/Src/Component.o
 .debug_macro   0x00000000000140c8      0x1b2 ./Core/Src/Component.o
 .debug_macro   0x000000000001427a       0x27 ./Core/Src/Component.o
 .debug_macro   0x00000000000142a1      0x12f ./Core/Src/Component.o
 .debug_macro   0x00000000000143d0      0x1bc ./Core/Src/Component.o
 .debug_macro   0x000000000001458c       0x34 ./Core/Src/Component.o
 .debug_macro   0x00000000000145c0       0x3c ./Core/Src/Component.o
 .debug_macro   0x00000000000145fc       0x57 ./Core/Src/Component.o
 .debug_macro   0x0000000000014653       0x87 ./Core/Src/Component.o
 .debug_macro   0x00000000000146da      0x183 ./Core/Src/Component.o
 .debug_macro   0x000000000001485d      0x140 ./Core/Src/Component.o
 .debug_macro   0x000000000001499d      0x8ed ./Core/Src/Component.o
 .debug_macro   0x000000000001528a       0x69 ./Core/Src/Component.o
 .debug_macro   0x00000000000152f3      0x154 ./Core/Src/Component.o
 .debug_macro   0x0000000000015447      0x1b0 ./Core/Src/Component_1.o
 .debug_macro   0x00000000000155f7      0x1bf ./Core/Src/button.o
 .debug_macro   0x00000000000157b6       0x1c ./Core/Src/button.o
 .debug_macro   0x00000000000157d2      0x1ce ./Core/Src/fsm_automatic.o
 .debug_macro   0x00000000000159a0      0x212 ./Core/Src/fsm_manual.o
 .debug_macro   0x0000000000015bb2       0x10 ./Core/Src/fsm_manual.o
 .debug_macro   0x0000000000015bc2      0x1f3 ./Core/Src/fsm_setting.o
 .debug_macro   0x0000000000015db5       0x1b ./Core/Src/global.o
 .debug_macro   0x0000000000015dd0      0x1b0 ./Core/Src/led_traffic.o
 .debug_macro   0x0000000000015f80      0x22e ./Core/Src/main.o
 .debug_macro   0x00000000000161ae       0x73 ./Core/Src/scheduler.o
 .debug_macro   0x0000000000016221      0x1b0 ./Core/Src/software_timer.o
 .debug_macro   0x00000000000163d1      0x1a6 ./Core/Src/stm32f1xx_hal_msp.o
 .debug_macro   0x0000000000016577      0x1b0 ./Core/Src/stm32f1xx_it.o
 .debug_macro   0x0000000000016727      0x197 ./Core/Src/system_stm32f1xx.o
 .debug_macro   0x00000000000168be      0x1bb ./Drivers/STM32F1xx_HAL_Driver/Src/stm32f1xx_hal.o
 .debug_macro   0x0000000000016a79      0x197 ./Drivers/STM32F1xx_HAL_Driver/Src/stm32f1xx_hal_cortex.o
 .debug_macro   0x0000000000016c10      0x202 ./Drivers/STM32F1xx_HAL_Driver/Src/stm32f1xx_hal_gpio.o
 .debug_macro   0x0000000000016e12      0x1a9 ./Drivers/STM32F1xx_HAL_Driver/Src/stm32f1xx_hal_rcc.o
 .debug_macro   0x0000000000016fbb      0x198 ./Drivers/STM32F1xx_HAL_Driver/Src/stm32f1xx_hal_tim.o
 .debug_macro   0x0000000000017153      0x197 ./Drivers/STM32F1xx_HAL_Driver/Src/stm32f1xx_hal_tim_ex.o

.debug_line     0x0000000000000000     0xd4ae
 .debug_line    0x0000000000000000      0x7c8 ./Core/Src/Component.o
 .debug_line    0x00000000000007c8      0x7cf ./Core/Src/Component_1.o
 .debug_line    0x0000000000000f97      0x783 ./Core/Src/button.o
 .debug_line    0x000000000000171a      0x7d4 ./Core/Src/fsm_automatic.o
 .debug_line    0x0000000000001eee      0x82e ./Core/Src/fsm_manual.o
 .debug_line    0x000000000000271c      0x72d ./Core/Src/fsm_setting.o
 .debug_line    0x0000000000002e49       0x4d ./Core/Src/global.o
 .debug_line    0x0000000000002e96      0x703 ./Core/Src/led_traffic.o
 .debug_line    0x0000000000003599      0x823 ./Core/Src/main.o
 .debug_line    0x0000000000003dbc      0x4a9 ./Core/Src/scheduler.o
 .debug_line    0x0000000000004265      0x6c2 ./Core/Src/software_timer.o
 .debug_line    0x0000000000004927      0x6a1 ./Core/Src/stm32f1xx_hal_msp.o
 .debug_line    0x0000000000004fc8      0x73f ./Core/Src/stm32f1xx_it.o
 .debug_line    0x0000000000005707      0x6e3 ./Core/Src/system_stm32f1xx.o
 .debug_line    0x0000000000005dea       0x86 ./Core/Startup/startup_stm32f103c6tx.o
 .debug_line    0x0000000000005e70      0x910 ./Drivers/STM32F1xx_HAL_Driver/Src/stm32f1xx_hal.o
 .debug_line    0x0000000000006780      0xaf8 ./Drivers/STM32F1xx_HAL_Driver/Src/stm32f1xx_hal_cortex.o
 .debug_line    0x0000000000007278      0x993 ./Drivers/STM32F1xx_HAL_Driver/Src/stm32f1xx_hal_gpio.o
 .debug_line    0x0000000000007c0b      0xd1c ./Drivers/STM32F1xx_HAL_Driver/Src/stm32f1xx_hal_rcc.o
 .debug_line    0x0000000000008927     0x3361 ./Drivers/STM32F1xx_HAL_Driver/Src/stm32f1xx_hal_tim.o
 .debug_line    0x000000000000bc88     0x1826 ./Drivers/STM32F1xx_HAL_Driver/Src/stm32f1xx_hal_tim_ex.o

.debug_str      0x0000000000000000    0x82737
 .debug_str     0x0000000000000000    0x7f853 ./Core/Src/Component.o
                                      0x7fba6 (size before relaxing)
 .debug_str     0x000000000007f853       0x7a ./Core/Src/Component_1.o
                                      0x7fbdf (size before relaxing)
 .debug_str     0x000000000007f8cd      0x14e ./Core/Src/button.o
                                      0x7fcd8 (size before relaxing)
 .debug_str     0x000000000007fa1b       0x6e ./Core/Src/fsm_automatic.o
                                      0x7fc41 (size before relaxing)
 .debug_str     0x000000000007fa89      0x199 ./Core/Src/fsm_manual.o
                                      0x7fe19 (size before relaxing)
 .debug_str     0x000000000007fc22       0x41 ./Core/Src/fsm_setting.o
                                      0x7fd0c (size before relaxing)
 .debug_str     0x000000000007fc63       0x15 ./Core/Src/global.o
                                       0x2df1 (size before relaxing)
 .debug_str     0x000000000007fc78       0x68 ./Core/Src/led_traffic.o
                                      0x7fbe1 (size before relaxing)
 .debug_str     0x000000000007fce0      0x6df ./Core/Src/main.o
                                      0x805b9 (size before relaxing)
 .debug_str     0x00000000000803bf       0xd6 ./Core/Src/scheduler.o
                                       0x3e99 (size before relaxing)
 .debug_str     0x0000000000080495       0x55 ./Core/Src/software_timer.o
                                      0x7fb95 (size before relaxing)
 .debug_str     0x00000000000804ea      0x2ba ./Core/Src/stm32f1xx_hal_msp.o
                                      0x80343 (size before relaxing)
 .debug_str     0x00000000000807a4       0xcd ./Core/Src/stm32f1xx_it.o
                                      0x800a5 (size before relaxing)
 .debug_str     0x0000000000080871       0x52 ./Core/Src/system_stm32f1xx.o
                                      0x7f754 (size before relaxing)
 .debug_str     0x00000000000808c3       0x36 ./Core/Startup/startup_stm32f103c6tx.o
                                         0x48 (size before relaxing)
 .debug_str     0x00000000000808f9      0x304 ./Drivers/STM32F1xx_HAL_Driver/Src/stm32f1xx_hal.o
                                      0x7fdab (size before relaxing)
 .debug_str     0x0000000000080bfd      0x300 ./Drivers/STM32F1xx_HAL_Driver/Src/stm32f1xx_hal_cortex.o
                                      0x7fdb3 (size before relaxing)
 .debug_str     0x0000000000080efd      0x31f ./Drivers/STM32F1xx_HAL_Driver/Src/stm32f1xx_hal_gpio.o
                                      0x7fb18 (size before relaxing)
 .debug_str     0x000000000008121c      0x24f ./Drivers/STM32F1xx_HAL_Driver/Src/stm32f1xx_hal_rcc.o
                                      0x7fb51 (size before relaxing)
 .debug_str     0x000000000008146b      0xdde ./Drivers/STM32F1xx_HAL_Driver/Src/stm32f1xx_hal_tim.o
                                      0x80b3a (size before relaxing)
 .debug_str     0x0000000000082249      0x4ee ./Drivers/STM32F1xx_HAL_Driver/Src/stm32f1xx_hal_tim_ex.o
                                      0x802db (size before relaxing)

.comment        0x0000000000000000       0x53
 .comment       0x0000000000000000       0x53 ./Core/Src/Component.o
                                         0x54 (size before relaxing)
 .comment       0x0000000000000053       0x54 ./Core/Src/Component_1.o
 .comment       0x0000000000000053       0x54 ./Core/Src/button.o
 .comment       0x0000000000000053       0x54 ./Core/Src/fsm_automatic.o
 .comment       0x0000000000000053       0x54 ./Core/Src/fsm_manual.o
 .comment       0x0000000000000053       0x54 ./Core/Src/fsm_setting.o
 .comment       0x0000000000000053       0x54 ./Core/Src/global.o
 .comment       0x0000000000000053       0x54 ./Core/Src/led_traffic.o
 .comment       0x0000000000000053       0x54 ./Core/Src/main.o
 .comment       0x0000000000000053       0x54 ./Core/Src/scheduler.o
 .comment       0x0000000000000053       0x54 ./Core/Src/software_timer.o
 .comment       0x0000000000000053       0x54 ./Core/Src/stm32f1xx_hal_msp.o
 .comment       0x0000000000000053       0x54 ./Core/Src/stm32f1xx_it.o
 .comment       0x0000000000000053       0x54 ./Core/Src/system_stm32f1xx.o
 .comment       0x0000000000000053       0x54 ./Drivers/STM32F1xx_HAL_Driver/Src/stm32f1xx_hal.o
 .comment       0x0000000000000053       0x54 ./Drivers/STM32F1xx_HAL_Driver/Src/stm32f1xx_hal_cortex.o
 .comment       0x0000000000000053       0x54 ./Drivers/STM32F1xx_HAL_Driver/Src/stm32f1xx_hal_gpio.o
 .comment       0x0000000000000053       0x54 ./Drivers/STM32F1xx_HAL_Driver/Src/stm32f1xx_hal_rcc.o
 .comment       0x0000000000000053       0x54 ./Drivers/STM32F1xx_HAL_Driver/Src/stm32f1xx_hal_tim.o
 .comment       0x0000000000000053       0x54 ./Drivers/STM32F1xx_HAL_Driver/Src/stm32f1xx_hal_tim_ex.o

.debug_frame    0x0000000000000000     0x2c28
 .debug_frame   0x0000000000000000      0x14c ./Core/Src/Component.o
 .debug_frame   0x000000000000014c      0x14c ./Core/Src/Component_1.o
 .debug_frame   0x0000000000000298       0x7c ./Core/Src/button.o
 .debug_frame   0x0000000000000314       0x4c ./Core/Src/fsm_automatic.o
 .debug_frame   0x0000000000000360       0x50 ./Core/Src/fsm_manual.o
 .debug_frame   0x00000000000003b0       0x64 ./Core/Src/fsm_setting.o
 .debug_frame   0x0000000000000414       0xd4 ./Core/Src/led_traffic.o
 .debug_frame   0x00000000000004e8       0xf0 ./Core/Src/main.o
 .debug_frame   0x00000000000005d8       0xe4 ./Core/Src/scheduler.o
 .debug_frame   0x00000000000006bc       0x7c ./Core/Src/software_timer.o
 .debug_frame   0x0000000000000738       0x80 ./Core/Src/stm32f1xx_hal_msp.o
 .debug_frame   0x00000000000007b8      0x120 ./Core/Src/stm32f1xx_it.o
 .debug_frame   0x00000000000008d8       0x58 ./Core/Src/system_stm32f1xx.o
 .debug_frame   0x0000000000000930      0x334 ./Drivers/STM32F1xx_HAL_Driver/Src/stm32f1xx_hal.o
 .debug_frame   0x0000000000000c64      0x428 ./Drivers/STM32F1xx_HAL_Driver/Src/stm32f1xx_hal_cortex.o
 .debug_frame   0x000000000000108c      0x14c ./Drivers/STM32F1xx_HAL_Driver/Src/stm32f1xx_hal_gpio.o
 .debug_frame   0x00000000000011d8      0x218 ./Drivers/STM32F1xx_HAL_Driver/Src/stm32f1xx_hal_rcc.o
 .debug_frame   0x00000000000013f0     0x11b4 ./Drivers/STM32F1xx_HAL_Driver/Src/stm32f1xx_hal_tim.o
 .debug_frame   0x00000000000025a4      0x638 ./Drivers/STM32F1xx_HAL_Driver/Src/stm32f1xx_hal_tim_ex.o
 .debug_frame   0x0000000000002bdc       0x2c c:/st/stm32cubeide_1.7.0/stm32cubeide/plugins/com.st.stm32cube.ide.mcu.externaltools.gnu-tools-for-stm32.9-2020-q2-update.win32_2.0.0.202105311346/tools/bin/../lib/gcc/arm-none-eabi/9.3.1/../../../../arm-none-eabi/lib/thumb/v7-m/nofp\libc_nano.a(lib_a-init.o)
 .debug_frame   0x0000000000002c08       0x20 c:/st/stm32cubeide_1.7.0/stm32cubeide/plugins/com.st.stm32cube.ide.mcu.externaltools.gnu-tools-for-stm32.9-2020-q2-update.win32_2.0.0.202105311346/tools/bin/../lib/gcc/arm-none-eabi/9.3.1/../../../../arm-none-eabi/lib/thumb/v7-m/nofp\libc_nano.a(lib_a-memset.o)
